// Jest Snapshot v1, https://goo.gl/fbAQLP

exports[`should render Error404 correctly 1`] = `
<div>
  Error404
  <[object Object]
    to="/"
  >
    back to home page
  </[object Object]>
</div>
`;
