// Jest Snapshot v1, https://goo.gl/fbAQLP

exports[`should render ExpenseListItem correctly 1`] = `
<div>
  <[object Object]
    to="edit/1"
  >
    <h2>
      gum
    </h2>
  </[object Object]>
  <p>
    amount: 
    100
     z≈Ç-
    0
  </p>
</div>
`;
